Running: /opt/Xilinx/14.7/ISE_DS/ISE/bin/lin64/unwrapped/fuse -intstyle ise -incremental -lib unisims_ver -lib unimacro_ver -lib xilinxcorelib_ver -lib secureip -o /home/morteza/MIPS/test_isim_beh.exe -prj /home/morteza/MIPS/test_beh.prj work.test work.glbl 
ISim P.20131013 (signature 0xfbc00daa)
Number of CPUs detected in this system: 8
Turning on mult-threading, number of parallel sub-compilation jobs: 16 
Determining compilation order of HDL files
Analyzing Verilog file "/home/morteza/MIPS/../RegisterFile/RegisterFile.v" into library work
Analyzing Verilog file "/home/morteza/MIPS/../Mux3to1/Mux3to1.v" into library work
Analyzing Verilog file "/home/morteza/MIPS/../Mux2to1/Mux2to1.v" into library work
Analyzing Verilog file "/home/morteza/MIPS/../MemoryVerilog/MemoryVerilog.v" into library work
Analyzing Verilog file "/home/morteza/MIPS/../InstructionMemory/InstructionMemory.v" into library work
Analyzing Verilog file "/home/morteza/MIPS/../IF/PC.v" into library work
Analyzing Verilog file "/home/morteza/MIPS/../ALU_add/ALU_add.v" into library work
Analyzing Verilog file "/home/morteza/MIPS/../ALUVerilog/ALUVerilog.v" into library work
Analyzing Verilog file "/home/morteza/MIPS/../WB/WB.v" into library work
Analyzing Verilog file "/home/morteza/MIPS/../MEM/MEM.v" into library work
Analyzing Verilog file "/home/morteza/MIPS/../IF/IF.v" into library work
Analyzing Verilog file "/home/morteza/MIPS/../ID/ID.v" into library work
Analyzing Verilog file "/home/morteza/MIPS/../HazardDetecionUnit/HazardDetectionUnit.v" into library work
Analyzing Verilog file "/home/morteza/MIPS/../EX/EX.v" into library work
Analyzing Verilog file "/home/morteza/MIPS/../ControllerVerilog/ForwardingUnit.v" into library work
Analyzing Verilog file "/home/morteza/MIPS/../ControllerVerilog/ControllerVerilog.v" into library work
Analyzing Verilog file "/home/morteza/MIPS/MIPS.v" into library work
Analyzing Verilog file "/home/morteza/MIPS/test.v" into library work
Analyzing Verilog file "/opt/Xilinx/14.7/ISE_DS/ISE//verilog/src/glbl.v" into library work
Starting static elaboration
Completed static elaboration
Fuse Memory Usage: 83516 KB
Fuse CPU Usage: 1920 ms
Compiling module PC
Compiling module InstructionMemory
Compiling module ALU_add
Compiling module Mux2to1
Compiling module IF
Compiling module RegisterFile
Compiling module ID
Compiling module ControllerVerilog
Compiling module HazardDetectionUnit
Compiling module Mux3to1
Compiling module Mux2to1(W=5)
Compiling module ALUVerilog
Compiling module EX
Compiling module ForwardingUnit
Compiling module MemoryVerilog
Compiling module MEM
Compiling module WB
Compiling module MIPS
WARNING:HDLCompiler:1007 - "/home/morteza/MIPS/test.v" Line 39: Element index 72 into out4 is out of bounds
WARNING:HDLCompiler:1007 - "/home/morteza/MIPS/test.v" Line 42: Element index 72 into out4 is out of bounds
WARNING:HDLCompiler:1007 - "/home/morteza/MIPS/test.v" Line 45: Element index 72 into out4 is out of bounds
WARNING:HDLCompiler:1007 - "/home/morteza/MIPS/test.v" Line 48: Element index 72 into out4 is out of bounds
WARNING:HDLCompiler:1007 - "/home/morteza/MIPS/test.v" Line 51: Element index 72 into out4 is out of bounds
WARNING:HDLCompiler:1007 - "/home/morteza/MIPS/test.v" Line 54: Element index 72 into out4 is out of bounds
WARNING:HDLCompiler:1007 - "/home/morteza/MIPS/test.v" Line 57: Element index 72 into out4 is out of bounds
WARNING:HDLCompiler:1007 - "/home/morteza/MIPS/test.v" Line 60: Element index 72 into out4 is out of bounds
WARNING:HDLCompiler:1007 - "/home/morteza/MIPS/test.v" Line 63: Element index 72 into out4 is out of bounds
WARNING:HDLCompiler:1007 - "/home/morteza/MIPS/test.v" Line 66: Element index 72 into out4 is out of bounds
WARNING:HDLCompiler:1007 - "/home/morteza/MIPS/test.v" Line 69: Element index 72 into out4 is out of bounds
WARNING:HDLCompiler:1007 - "/home/morteza/MIPS/test.v" Line 72: Element index 72 into out4 is out of bounds
WARNING:HDLCompiler:1007 - "/home/morteza/MIPS/test.v" Line 75: Element index 72 into out4 is out of bounds
WARNING:HDLCompiler:1007 - "/home/morteza/MIPS/test.v" Line 78: Element index 72 into out4 is out of bounds
WARNING:HDLCompiler:1007 - "/home/morteza/MIPS/test.v" Line 81: Element index 72 into out4 is out of bounds
WARNING:HDLCompiler:1007 - "/home/morteza/MIPS/test.v" Line 84: Element index 72 into out4 is out of bounds
WARNING:HDLCompiler:1007 - "/home/morteza/MIPS/test.v" Line 87: Element index 72 into out4 is out of bounds
WARNING:HDLCompiler:1007 - "/home/morteza/MIPS/test.v" Line 90: Element index 72 into out4 is out of bounds
WARNING:HDLCompiler:1007 - "/home/morteza/MIPS/test.v" Line 93: Element index 72 into out4 is out of bounds
WARNING:HDLCompiler:1007 - "/home/morteza/MIPS/test.v" Line 96: Element index 72 into out4 is out of bounds
Compiling module test
Compiling module glbl
Time Resolution for simulation is 1ps.
Waiting for 5 sub-compilation(s) to finish...
Compiled 20 Verilog Units
Built simulation executable /home/morteza/MIPS/test_isim_beh.exe
Fuse Memory Usage: 1168628 KB
Fuse CPU Usage: 2090 ms
GCC CPU Usage: 3730 ms
