ISim log file
Running: /home/morteza/MIPS/test_isim_beh.exe -intstyle ise -gui -tclbatch isim.cmd -wdb /home/morteza/MIPS/test_isim_beh.wdb 
ISim P.20131013 (signature 0xfbc00daa)
WARNING: A WEBPACK license was found.
WARNING: Please use Xilinx License Configuration Manager to check out a full ISim license.
WARNING: ISim will run in Lite mode. Please refer to the ISim documentation for more information on the differences between the Lite and the Full version.
This is a Lite version of ISim.
Time resolution is 1 ps
# onerror resume
# wave add /
# run 1000 ns
Simulator is doing circuit initialization process.
Finished circuit initialization process.
time=10000,instruction=20010005,data1=00000000,data2=00000000,immediate=00000000,exData=00000000,ALU-output=00000000,memoryRead=0,memoryWrite=0,memory-output=00000000,memoryAddress=00000000,write-back=00000000,memoryToReg=0,regWrite=x,destination=00
time=20000,instruction=2002000a,data1=00000000,data2=00000000,immediate=00000005,exData=00000000,ALU-output=00000000,memoryRead=0,memoryWrite=0,memory-output=00000000,memoryAddress=00000000,write-back=00000000,memoryToReg=0,regWrite=x,destination=00
time=30000,instruction=00221820,data1=00000000,data2=00000000,immediate=0000000a,exData=00000000,ALU-output=00000005,memoryRead=0,memoryWrite=0,memory-output=00000000,memoryAddress=00000000,write-back=00000000,memoryToReg=0,regWrite=x,destination=00
time=40000,instruction=00612022,data1=00000000,data2=00000000,immediate=00001820,exData=00000000,ALU-output=0000000a,memoryRead=0,memoryWrite=0,memory-output=00000000,memoryAddress=00000005,write-back=00000005,memoryToReg=0,regWrite=x,destination=01
time=50000,instruction=00822825,data1=00000000,data2=00000000,immediate=00002022,exData=0000000a,ALU-output=0000000f,memoryRead=0,memoryWrite=0,memory-output=00000000,memoryAddress=0000000a,write-back=0000000a,memoryToReg=0,regWrite=x,destination=02
time=60000,instruction=00a13024,data1=00000000,data2=00000000,immediate=00002825,exData=00000000,ALU-output=0000000f,memoryRead=0,memoryWrite=0,memory-output=00000000,memoryAddress=0000000f,write-back=0000000f,memoryToReg=0,regWrite=x,destination=03
time=70000,instruction=ac030000,data1=00000000,data2=00000005,immediate=00003024,exData=00000000,ALU-output=0000000f,memoryRead=0,memoryWrite=0,memory-output=00000000,memoryAddress=0000000f,write-back=0000000f,memoryToReg=0,regWrite=x,destination=04
time=80000,instruction=8c070000,data1=00000000,data2=0000000f,immediate=00000000,exData=00000005,ALU-output=00000014,memoryRead=0,memoryWrite=0,memory-output=00000000,memoryAddress=0000000f,write-back=0000000f,memoryToReg=0,regWrite=x,destination=05
time=90000,instruction=10e30001,data1=00000000,data2=00000000,immediate=00000000,exData=0000000f,ALU-output=00000000,memoryRead=0,memoryWrite=1,memory-output=00000000,memoryAddress=00000014,write-back=00000014,memoryToReg=0,regWrite=x,destination=06
time=100000,instruction=10e30001,data1=00000000,data2=00000000,immediate=00000000,exData=00000000,ALU-output=00000000,memoryRead=1,memoryWrite=0,memory-output=00000000,memoryAddress=00000000,write-back=00000000,memoryToReg=0,regWrite=x,destination=03
time=110000,instruction=20080001,data1=00000000,data2=0000000f,immediate=00000001,exData=00000000,ALU-output=00000000,memoryRead=0,memoryWrite=0,memory-output=0000000f,memoryAddress=00000000,write-back=0000000f,memoryToReg=1,regWrite=x,destination=07
time=120000,instruction=20090002,data1=00000000,data2=00000000,immediate=00000001,exData=0000000f,ALU-output=0000000f,memoryRead=0,memoryWrite=0,memory-output=00000000,memoryAddress=00000000,write-back=00000000,memoryToReg=0,regWrite=x,destination=00
time=130000,instruction=xxxxxxxx,data1=00000000,data2=00000000,immediate=00000002,exData=00000000,ALU-output=00000001,memoryRead=0,memoryWrite=0,memory-output=00000000,memoryAddress=0000000f,write-back=0000000f,memoryToReg=0,regWrite=x,destination=03
time=140000,instruction=xxxxxxxx,data1=xxxxxxxx,data2=xxxxxxxx,immediate=xxxxxxxx,exData=00000000,ALU-output=00000002,memoryRead=0,memoryWrite=0,memory-output=00000000,memoryAddress=00000001,write-back=00000001,memoryToReg=0,regWrite=x,destination=08
time=150000,instruction=xxxxxxxx,data1=xxxxxxxx,data2=xxxxxxxx,immediate=xxxxxxxx,exData=xxxxxxxx,ALU-output=xxxxxxxx,memoryRead=x,memoryWrite=x,memory-output=00000000,memoryAddress=00000002,write-back=00000002,memoryToReg=0,regWrite=x,destination=09
time=160000,instruction=xxxxxxxx,data1=xxxxxxxx,data2=xxxxxxxx,immediate=xxxxxxxx,exData=xxxxxxxx,ALU-output=xxxxxxxx,memoryRead=x,memoryWrite=x,memory-output=00000000,memoryAddress=xxxxxxxx,write-back=xxxxxxxx,memoryToReg=x,regWrite=x,destination=xx
time=170000,instruction=xxxxxxxx,data1=xxxxxxxx,data2=xxxxxxxx,immediate=xxxxxxxx,exData=xxxxxxxx,ALU-output=xxxxxxxx,memoryRead=x,memoryWrite=x,memory-output=00000000,memoryAddress=xxxxxxxx,write-back=xxxxxxxx,memoryToReg=x,regWrite=x,destination=xx
time=180000,instruction=xxxxxxxx,data1=xxxxxxxx,data2=xxxxxxxx,immediate=xxxxxxxx,exData=xxxxxxxx,ALU-output=xxxxxxxx,memoryRead=x,memoryWrite=x,memory-output=00000000,memoryAddress=xxxxxxxx,write-back=xxxxxxxx,memoryToReg=x,regWrite=x,destination=xx
time=190000,instruction=xxxxxxxx,data1=xxxxxxxx,data2=xxxxxxxx,immediate=xxxxxxxx,exData=xxxxxxxx,ALU-output=xxxxxxxx,memoryRead=x,memoryWrite=x,memory-output=00000000,memoryAddress=xxxxxxxx,write-back=xxxxxxxx,memoryToReg=x,regWrite=x,destination=xx
time=200000,instruction=xxxxxxxx,data1=xxxxxxxx,data2=xxxxxxxx,immediate=xxxxxxxx,exData=xxxxxxxx,ALU-output=xxxxxxxx,memoryRead=x,memoryWrite=x,memory-output=00000000,memoryAddress=xxxxxxxx,write-back=xxxxxxxx,memoryToReg=x,regWrite=x,destination=xx
