Release 14.7 - xst P.20131013 (lin64)
Copyright (c) 1995-2013 Xilinx, Inc.  All rights reserved.
--> 
Parameter TMPDIR set to xst/projnav.tmp


Total REAL time to Xst completion: 0.00 secs
Total CPU time to Xst completion: 0.11 secs
 
--> 
Parameter xsthdpdir set to xst


Total REAL time to Xst completion: 0.00 secs
Total CPU time to Xst completion: 0.11 secs
 
--> 
Reading design: MIPS.prj

TABLE OF CONTENTS
  1) Synthesis Options Summary
  2) HDL Parsing
  3) HDL Elaboration
  4) HDL Synthesis
       4.1) HDL Synthesis Report
  5) Advanced HDL Synthesis
       5.1) Advanced HDL Synthesis Report
  6) Low Level Synthesis
  7) Partition Report
  8) Design Summary
       8.1) Primitive and Black Box Usage
       8.2) Device utilization summary
       8.3) Partition Resource Summary
       8.4) Timing Report
            8.4.1) Clock Information
            8.4.2) Asynchronous Control Signals Information
            8.4.3) Timing Summary
            8.4.4) Timing Details
            8.4.5) Cross Clock Domains Report


=========================================================================
*                      Synthesis Options Summary                        *
=========================================================================
---- Source Parameters
Input File Name                    : "MIPS.prj"
Ignore Synthesis Constraint File   : NO

---- Target Parameters
Output File Name                   : "MIPS"
Output Format                      : NGC
Target Device                      : xc6slx9-2-tqg144

---- Source Options
Top Module Name                    : MIPS
Automatic FSM Extraction           : YES
FSM Encoding Algorithm             : Auto
Safe Implementation                : No
FSM Style                          : LUT
RAM Extraction                     : Yes
RAM Style                          : Auto
ROM Extraction                     : Yes
Shift Register Extraction          : YES
ROM Style                          : Auto
Resource Sharing                   : YES
Asynchronous To Synchronous        : NO
Shift Register Minimum Size        : 2
Use DSP Block                      : Auto
Automatic Register Balancing       : No

---- Target Options
LUT Combining                      : Auto
Reduce Control Sets                : Auto
Add IO Buffers                     : YES
Global Maximum Fanout              : 100000
Add Generic Clock Buffer(BUFG)     : 16
Register Duplication               : YES
Optimize Instantiated Primitives   : NO
Use Clock Enable                   : Auto
Use Synchronous Set                : Auto
Use Synchronous Reset              : Auto
Pack IO Registers into IOBs        : Auto
Equivalent register Removal        : YES

---- General Options
Optimization Goal                  : Speed
Optimization Effort                : 1
Power Reduction                    : NO
Keep Hierarchy                     : No
Netlist Hierarchy                  : As_Optimized
RTL Output                         : Yes
Global Optimization                : AllClockNets
Read Cores                         : YES
Write Timing Constraints           : NO
Cross Clock Analysis               : NO
Hierarchy Separator                : /
Bus Delimiter                      : <>
Case Specifier                     : Maintain
Slice Utilization Ratio            : 100
BRAM Utilization Ratio             : 100
DSP48 Utilization Ratio            : 100
Auto BRAM Packing                  : NO
Slice Utilization Ratio Delta      : 5

=========================================================================


=========================================================================
*                          HDL Parsing                                  *
=========================================================================
Analyzing Verilog file "/home/morteza/RegisterFile/RegisterFile.v" into library work
Parsing module <RegisterFile>.
Analyzing Verilog file "/home/morteza/Mux3to1/Mux3to1.v" into library work
Parsing module <Mux3to1>.
Analyzing Verilog file "/home/morteza/Mux2to1/Mux2to1.v" into library work
Parsing module <Mux2to1>.
Analyzing Verilog file "/home/morteza/MemoryVerilog/MemoryVerilog.v" into library work
Parsing module <MemoryVerilog>.
Analyzing Verilog file "/home/morteza/InstructionMemory/InstructionMemory.v" into library work
Parsing module <InstructionMemory>.
Analyzing Verilog file "/home/morteza/IF/PC.v" into library work
Parsing module <PC>.
Analyzing Verilog file "/home/morteza/ALU_add/ALU_add.v" into library work
Parsing module <ALU_add>.
Analyzing Verilog file "/home/morteza/ALUVerilog/ALUVerilog.v" into library work
Parsing module <ALUVerilog>.
Analyzing Verilog file "/home/morteza/WB/WB.v" into library work
Parsing module <WB>.
Analyzing Verilog file "/home/morteza/MEM/MEM.v" into library work
Parsing module <MEM>.
Analyzing Verilog file "/home/morteza/IF/IF.v" into library work
Parsing module <IF>.
Analyzing Verilog file "/home/morteza/ID/ID.v" into library work
Parsing module <ID>.
Analyzing Verilog file "/home/morteza/HazardDetecionUnit/HazardDetectionUnit.v" into library work
Parsing module <HazardDetectionUnit>.
Analyzing Verilog file "/home/morteza/EX/EX.v" into library work
Parsing module <EX>.
Analyzing Verilog file "/home/morteza/ControllerVerilog/ForwardingUnit.v" into library work
Parsing module <ForwardingUnit>.
Analyzing Verilog file "/home/morteza/ControllerVerilog/ControllerVerilog.v" into library work
Parsing module <ControllerVerilog>.
Analyzing Verilog file "/home/morteza/MIPS/MIPS.v" into library work
Parsing module <MIPS>.

=========================================================================
*                            HDL Elaboration                            *
=========================================================================

Elaborating module <MIPS>.

Elaborating module <IF>.

Elaborating module <PC>.

Elaborating module <InstructionMemory>.
Reading initialization file \"/home/morteza/MIPS/program.mem\".
WARNING:HDLCompiler:1670 - "/home/morteza/InstructionMemory/InstructionMemory.v" Line 39: Signal <mem> in initial block is partially initialized.

Elaborating module <ALU_add>.

Elaborating module <Mux2to1>.

Elaborating module <ID>.

Elaborating module <RegisterFile>.

Elaborating module <ControllerVerilog>.

Elaborating module <HazardDetectionUnit>.

Elaborating module <EX>.

Elaborating module <Mux3to1(W=32)>.

Elaborating module <Mux2to1(W=32)>.

Elaborating module <Mux2to1(W=5)>.

Elaborating module <ALUVerilog>.

Elaborating module <ForwardingUnit>.

Elaborating module <MEM>.

Elaborating module <MemoryVerilog>.

Elaborating module <WB>.

=========================================================================
*                           HDL Synthesis                               *
=========================================================================

Synthesizing Unit <MIPS>.
    Related source file is "/home/morteza/MIPS/MIPS.v".
    Found 129-bit register for signal <out2>.
    Found 73-bit register for signal <out3>.
    Found 71-bit register for signal <out4>.
    Found 64-bit register for signal <out1>.
    Summary:
	inferred 337 D-type flip-flop(s).
Unit <MIPS> synthesized.

Synthesizing Unit <IF>.
    Related source file is "/home/morteza/IF/IF.v".
    Summary:
	no macro.
Unit <IF> synthesized.

Synthesizing Unit <PC>.
    Related source file is "/home/morteza/IF/PC.v".
    Found 32-bit register for signal <pc_out>.
    Summary:
	inferred  32 D-type flip-flop(s).
Unit <PC> synthesized.

Synthesizing Unit <InstructionMemory>.
    Related source file is "/home/morteza/InstructionMemory/InstructionMemory.v".
WARNING:Xst:647 - Input <address<1:0>> is never used. This port will be preserved and left unconnected if it belongs to a top-level block or it belongs to a sub-block and the hierarchy of this sub-block is preserved.
WARNING:Xst:647 - Input <address<31:6>> is never used. This port will be preserved and left unconnected if it belongs to a top-level block or it belongs to a sub-block and the hierarchy of this sub-block is preserved.
WARNING:Xst:2999 - Signal 'mem', unconnected in block 'InstructionMemory', is tied to its initial value.
    Found 16x32-bit single-port Read Only RAM <Mram_mem> for signal <mem>.
    Summary:
	inferred   1 RAM(s).
Unit <InstructionMemory> synthesized.

Synthesizing Unit <ALU_add>.
    Related source file is "/home/morteza/ALU_add/ALU_add.v".
    Found 32-bit adder for signal <out> created at line 26.
    Summary:
	inferred   1 Adder/Subtractor(s).
Unit <ALU_add> synthesized.

Synthesizing Unit <Mux2to1>.
    Related source file is "/home/morteza/Mux2to1/Mux2to1.v".
        W = 32
    Summary:
	inferred   1 Multiplexer(s).
Unit <Mux2to1> synthesized.

Synthesizing Unit <ID>.
    Related source file is "/home/morteza/ID/ID.v".
    Summary:
Unit <ID> synthesized.

Synthesizing Unit <RegisterFile>.
    Related source file is "/home/morteza/RegisterFile/RegisterFile.v".
    Found 32-bit register for signal <readData2>.
    Found 32-bit register for signal <readData1>.
    Found 32x32-bit dual-port RAM <Mram_regs> for signal <regs>.
    Summary:
	inferred   2 RAM(s).
	inferred  64 D-type flip-flop(s).
Unit <RegisterFile> synthesized.

Synthesizing Unit <ControllerVerilog>.
    Related source file is "/home/morteza/ControllerVerilog/ControllerVerilog.v".
WARNING:Xst:647 - Input <func> is never used. This port will be preserved and left unconnected if it belongs to a top-level block or it belongs to a sub-block and the hierarchy of this sub-block is preserved.
    Summary:
	inferred   1 Multiplexer(s).
Unit <ControllerVerilog> synthesized.

Synthesizing Unit <HazardDetectionUnit>.
    Related source file is "/home/morteza/HazardDetecionUnit/HazardDetectionUnit.v".
    Found 5-bit comparator equal for signal <rs[4]_rd[4]_equal_2_o> created at line 30
    Found 5-bit comparator equal for signal <rt[4]_rd[4]_equal_3_o> created at line 30
    Summary:
	inferred   2 Comparator(s).
Unit <HazardDetectionUnit> synthesized.

Synthesizing Unit <EX>.
    Related source file is "/home/morteza/EX/EX.v".
    Summary:
	no macro.
Unit <EX> synthesized.

Synthesizing Unit <Mux3to1>.
    Related source file is "/home/morteza/Mux3to1/Mux3to1.v".
        W = 32
    Found 32-bit 4-to-1 multiplexer for signal <out> created at line 25.
    Summary:
	inferred   1 Multiplexer(s).
Unit <Mux3to1> synthesized.

Synthesizing Unit <Mux2to1_1>.
    Related source file is "/home/morteza/Mux2to1/Mux2to1.v".
        W = 32
    Summary:
	inferred   1 Multiplexer(s).
Unit <Mux2to1_1> synthesized.

Synthesizing Unit <Mux2to1_2>.
    Related source file is "/home/morteza/Mux2to1/Mux2to1.v".
        W = 5
    Summary:
	inferred   1 Multiplexer(s).
Unit <Mux2to1_2> synthesized.

Synthesizing Unit <ALUVerilog>.
    Related source file is "/home/morteza/ALUVerilog/ALUVerilog.v".
    Found 32-bit subtractor for signal <numA[31]_numB[31]_sub_4_OUT> created at line 29.
    Found 32-bit adder for signal <numA[31]_numB[31]_add_1_OUT> created at line 28.
    Found 32-bit 4-to-1 multiplexer for signal <result> created at line 25.
    Summary:
	inferred   1 Adder/Subtractor(s).
	inferred   2 Multiplexer(s).
Unit <ALUVerilog> synthesized.

Synthesizing Unit <ForwardingUnit>.
    Related source file is "/home/morteza/ControllerVerilog/ForwardingUnit.v".
    Found 5-bit comparator equal for signal <mem[4]_ex25[4]_equal_2_o> created at line 29
    Found 5-bit comparator equal for signal <wb[4]_ex25[4]_equal_4_o> created at line 30
    Found 5-bit comparator equal for signal <mem[4]_ex20[4]_equal_8_o> created at line 34
    Found 5-bit comparator equal for signal <wb[4]_ex20[4]_equal_10_o> created at line 35
    Summary:
	inferred   4 Comparator(s).
	inferred   2 Multiplexer(s).
Unit <ForwardingUnit> synthesized.

Synthesizing Unit <MEM>.
    Related source file is "/home/morteza/MEM/MEM.v".
    Summary:
	no macro.
Unit <MEM> synthesized.

Synthesizing Unit <MemoryVerilog>.
    Related source file is "/home/morteza/MemoryVerilog/MemoryVerilog.v".
WARNING:Xst:647 - Input <address<31:4>> is never used. This port will be preserved and left unconnected if it belongs to a top-level block or it belongs to a sub-block and the hierarchy of this sub-block is preserved.
    Found 16x32-bit single-port RAM <Mram_regs> for signal <regs>.
    Summary:
	inferred   1 RAM(s).
	inferred   1 Multiplexer(s).
Unit <MemoryVerilog> synthesized.

Synthesizing Unit <WB>.
    Related source file is "/home/morteza/WB/WB.v".
    Summary:
	no macro.
Unit <WB> synthesized.

=========================================================================
HDL Synthesis Report

Macro Statistics
# RAMs                                                 : 4
 16x32-bit single-port RAM                             : 1
 16x32-bit single-port Read Only RAM                   : 1
 32x32-bit dual-port RAM                               : 2
# Adders/Subtractors                                   : 3
 32-bit adder                                          : 2
 32-bit addsub                                         : 1
# Registers                                            : 7
 129-bit register                                      : 1
 32-bit register                                       : 3
 64-bit register                                       : 1
 71-bit register                                       : 1
 73-bit register                                       : 1
# Comparators                                          : 6
 5-bit comparator equal                                : 6
# Multiplexers                                         : 12
 2-bit 2-to-1 multiplexer                              : 3
 32-bit 2-to-1 multiplexer                             : 6
 32-bit 4-to-1 multiplexer                             : 2
 5-bit 2-to-1 multiplexer                              : 1
# Xors                                                 : 1
 32-bit xor2                                           : 1

=========================================================================
INFO:Xst:1767 - HDL ADVISOR - Resource sharing has identified that some arithmetic operations in this design can share the same physical resources for reduced device utilization. For improved clock frequency you may try to disable resource sharing.

=========================================================================
*                       Advanced HDL Synthesis                          *
=========================================================================


Synthesizing (advanced) Unit <InstructionMemory>.
INFO:Xst:3231 - The small RAM <Mram_mem> will be implemented on LUTs in order to maximize performance and save block RAM resources. If you want to force its implementation on block, use option/constraint ram_style.
    -----------------------------------------------------------------------
    | ram_type           | Distributed                         |          |
    -----------------------------------------------------------------------
    | Port A                                                              |
    |     aspect ratio   | 16-word x 32-bit                    |          |
    |     weA            | connected to signal <GND>           | high     |
    |     addrA          | connected to signal <address>       |          |
    |     diA            | connected to signal <GND>           |          |
    |     doA            | connected to internal node          |          |
    -----------------------------------------------------------------------
Unit <InstructionMemory> synthesized (advanced).

Synthesizing (advanced) Unit <MIPS>.
INFO:Xst:3212 - HDL ADVISOR - Asynchronous or synchronous initialization of the register <IFID> prevents it from being combined with the RAM <IDecode/registerfile/Mram_regs1> for implementation as read-only block RAM.
    -----------------------------------------------------------------------
    | ram_type           | Distributed                         |          |
    -----------------------------------------------------------------------
    | Port A                                                              |
    |     aspect ratio   | 32-word x 32-bit                    |          |
    |     clkA           | connected to signal <clk>           | rise     |
    |     weA            | connected to internal node          | high     |
    |     addrA          | connected to signal <out4<4:0>>     |          |
    |     diA            | connected to signal <out5>          |          |
    -----------------------------------------------------------------------
    | Port B                                                              |
    |     aspect ratio   | 32-word x 32-bit                    |          |
    |     addrB          | connected to signal <out1<20:16>>   |          |
    |     doB            | connected to internal node          |          |
    -----------------------------------------------------------------------
INFO:Xst:3226 - The RAM <IDecode/registerfile/Mram_regs1> will be implemented as a BLOCK RAM, absorbing the following register(s): <IDecode/registerfile/readData2>
    -----------------------------------------------------------------------
    | ram_type           | Block                               |          |
    -----------------------------------------------------------------------
    | Port A                                                              |
    |     aspect ratio   | 32-word x 32-bit                    |          |
    |     mode           | write-first                         |          |
    |     clkA           | connected to signal <clk>           | rise     |
    |     weA            | connected to internal node          | high     |
    |     addrA          | connected to signal <out4<4:0>>     |          |
    |     diA            | connected to signal <out5>          |          |
    -----------------------------------------------------------------------
    | optimization       | speed                               |          |
    -----------------------------------------------------------------------
    | Port B                                                              |
    |     aspect ratio   | 32-word x 32-bit                    |          |
    |     mode           | write-first                         |          |
    |     clkB           | connected to signal <clk>           | fall     |
    |     addrB          | connected to signal <out1<20:16>>   |          |
    |     doB            | connected to signal <data2>         |          |
    |     dorstB         | connected to internal node          | high     |
    | reset value        | 00000000000000000000000000000000               |
    -----------------------------------------------------------------------
    | optimization       | speed                               |          |
    -----------------------------------------------------------------------
INFO:Xst:3212 - HDL ADVISOR - Asynchronous or synchronous initialization of the register <IFID> prevents it from being combined with the RAM <IDecode/registerfile/Mram_regs> for implementation as read-only block RAM.
    -----------------------------------------------------------------------
    | ram_type           | Distributed                         |          |
    -----------------------------------------------------------------------
    | Port A                                                              |
    |     aspect ratio   | 32-word x 32-bit                    |          |
    |     clkA           | connected to signal <clk>           | rise     |
    |     weA            | connected to internal node          | high     |
    |     addrA          | connected to signal <out4<4:0>>     |          |
    |     diA            | connected to signal <out5>          |          |
    -----------------------------------------------------------------------
    | Port B                                                              |
    |     aspect ratio   | 32-word x 32-bit                    |          |
    |     addrB          | connected to signal <out1<25:21>>   |          |
    |     doB            | connected to internal node          |          |
    -----------------------------------------------------------------------
INFO:Xst:3226 - The RAM <IDecode/registerfile/Mram_regs> will be implemented as a BLOCK RAM, absorbing the following register(s): <IDecode/registerfile/readData1>
    -----------------------------------------------------------------------
    | ram_type           | Block                               |          |
    -----------------------------------------------------------------------
    | Port A                                                              |
    |     aspect ratio   | 32-word x 32-bit                    |          |
    |     mode           | write-first                         |          |
    |     clkA           | connected to signal <clk>           | rise     |
    |     weA            | connected to internal node          | high     |
    |     addrA          | connected to signal <out4<4:0>>     |          |
    |     diA            | connected to signal <out5>          |          |
    -----------------------------------------------------------------------
    | optimization       | speed                               |          |
    -----------------------------------------------------------------------
    | Port B                                                              |
    |     aspect ratio   | 32-word x 32-bit                    |          |
    |     mode           | write-first                         |          |
    |     clkB           | connected to signal <clk>           | fall     |
    |     addrB          | connected to signal <out1<25:21>>   |          |
    |     doB            | connected to signal <data1>         |          |
    |     dorstB         | connected to internal node          | high     |
    | reset value        | 00000000000000000000000000000000               |
    -----------------------------------------------------------------------
    | optimization       | speed                               |          |
    -----------------------------------------------------------------------
Unit <MIPS> synthesized (advanced).

Synthesizing (advanced) Unit <MemoryVerilog>.
INFO:Xst:3231 - The small RAM <Mram_regs> will be implemented on LUTs in order to maximize performance and save block RAM resources. If you want to force its implementation on block, use option/constraint ram_style.
    -----------------------------------------------------------------------
    | ram_type           | Distributed                         |          |
    -----------------------------------------------------------------------
    | Port A                                                              |
    |     aspect ratio   | 16-word x 32-bit                    |          |
    |     clkA           | connected to signal <clk>           | rise     |
    |     weA            | connected to signal <memWrite>      | high     |
    |     addrA          | connected to signal <address>       |          |
    |     diA            | connected to signal <dataInput>     |          |
    |     doA            | connected to internal node          |          |
    -----------------------------------------------------------------------
Unit <MemoryVerilog> synthesized (advanced).

=========================================================================
Advanced HDL Synthesis Report

Macro Statistics
# RAMs                                                 : 4
 16x32-bit single-port distributed RAM                 : 1
 16x32-bit single-port distributed Read Only RAM       : 1
 32x32-bit dual-port block RAM                         : 2
# Adders/Subtractors                                   : 3
 32-bit adder                                          : 2
 32-bit addsub                                         : 1
# Registers                                            : 369
 Flip-Flops                                            : 369
# Comparators                                          : 6
 5-bit comparator equal                                : 6
# Multiplexers                                         : 11
 2-bit 2-to-1 multiplexer                              : 2
 32-bit 2-to-1 multiplexer                             : 6
 32-bit 4-to-1 multiplexer                             : 2
 5-bit 2-to-1 multiplexer                              : 1
# Xors                                                 : 1
 32-bit xor2                                           : 1

=========================================================================

=========================================================================
*                         Low Level Synthesis                           *
=========================================================================
INFO:Xst:2261 - The FF/Latch <IDEX_7> in Unit <MIPS> is equivalent to the following FF/Latch, which will be removed : <IDEX_17> 
INFO:Xst:2261 - The FF/Latch <IDEX_12> in Unit <MIPS> is equivalent to the following FF/Latch, which will be removed : <IDEX_22> 
INFO:Xst:2261 - The FF/Latch <IDEX_1> in Unit <MIPS> is equivalent to the following FF/Latch, which will be removed : <IDEX_37> 
INFO:Xst:2261 - The FF/Latch <IDEX_6> in Unit <MIPS> is equivalent to the following FF/Latch, which will be removed : <IDEX_16> 
INFO:Xst:2261 - The FF/Latch <IDEX_11> in Unit <MIPS> is equivalent to the following FF/Latch, which will be removed : <IDEX_21> 
INFO:Xst:2261 - The FF/Latch <IDEX_0> in Unit <MIPS> is equivalent to the following FF/Latch, which will be removed : <IDEX_36> 
INFO:Xst:2261 - The FF/Latch <IDEX_5> in Unit <MIPS> is equivalent to the following FF/Latch, which will be removed : <IDEX_15> 
INFO:Xst:2261 - The FF/Latch <IDEX_10> in Unit <MIPS> is equivalent to the following FF/Latch, which will be removed : <IDEX_20> 
INFO:Xst:2261 - The FF/Latch <IDEX_4> in Unit <MIPS> is equivalent to the following 17 FFs/Latches, which will be removed : <IDEX_40> <IDEX_41> <IDEX_42> <IDEX_43> <IDEX_44> <IDEX_45> <IDEX_46> <IDEX_47> <IDEX_48> <IDEX_49> <IDEX_50> <IDEX_51> <IDEX_52> <IDEX_53> <IDEX_54> <IDEX_55> <IDEX_56> 
INFO:Xst:2261 - The FF/Latch <IDEX_9> in Unit <MIPS> is equivalent to the following FF/Latch, which will be removed : <IDEX_19> 
INFO:Xst:2261 - The FF/Latch <IDEX_14> in Unit <MIPS> is equivalent to the following FF/Latch, which will be removed : <IDEX_24> 
INFO:Xst:2261 - The FF/Latch <IDEX_3> in Unit <MIPS> is equivalent to the following FF/Latch, which will be removed : <IDEX_39> 
INFO:Xst:2261 - The FF/Latch <IDEX_8> in Unit <MIPS> is equivalent to the following FF/Latch, which will be removed : <IDEX_18> 
INFO:Xst:2261 - The FF/Latch <IDEX_13> in Unit <MIPS> is equivalent to the following FF/Latch, which will be removed : <IDEX_23> 
INFO:Xst:2261 - The FF/Latch <IDEX_2> in Unit <MIPS> is equivalent to the following FF/Latch, which will be removed : <IDEX_38> 
INFO:Xst:2261 - The FF/Latch <IDEX_126> in Unit <MIPS> is equivalent to the following FF/Latch, which will be removed : <IDEX_127> 
WARNING:Xst:1293 - FF/Latch <IDEX_122> has a constant value of 0 in block <MIPS>. This FF/Latch will be trimmed during the optimization process.
INFO:Xst:2261 - The FF/Latch <EXMEM_70> in Unit <MIPS> is equivalent to the following FF/Latch, which will be removed : <EXMEM_71> 
WARNING:Xst:1293 - FF/Latch <IFID_30> has a constant value of 0 in block <MIPS>. This FF/Latch will be trimmed during the optimization process.
WARNING:Xst:1896 - Due to other FF/Latch trimming, FF/Latch <IFID_25> has a constant value of 0 in block <MIPS>. This FF/Latch will be trimmed during the optimization process.
WARNING:Xst:1896 - Due to other FF/Latch trimming, FF/Latch <IFID_24> has a constant value of 0 in block <MIPS>. This FF/Latch will be trimmed during the optimization process.
WARNING:Xst:1896 - Due to other FF/Latch trimming, FF/Latch <IFID_20> has a constant value of 0 in block <MIPS>. This FF/Latch will be trimmed during the optimization process.
WARNING:Xst:1896 - Due to other FF/Latch trimming, FF/Latch <IFID_15> has a constant value of 0 in block <MIPS>. This FF/Latch will be trimmed during the optimization process.
WARNING:Xst:1896 - Due to other FF/Latch trimming, FF/Latch <IFID_14> has a constant value of 0 in block <MIPS>. This FF/Latch will be trimmed during the optimization process.
WARNING:Xst:1896 - Due to other FF/Latch trimming, FF/Latch <IFID_10> has a constant value of 0 in block <MIPS>. This FF/Latch will be trimmed during the optimization process.
WARNING:Xst:1896 - Due to other FF/Latch trimming, FF/Latch <IFID_9> has a constant value of 0 in block <MIPS>. This FF/Latch will be trimmed during the optimization process.
WARNING:Xst:1896 - Due to other FF/Latch trimming, FF/Latch <IFID_8> has a constant value of 0 in block <MIPS>. This FF/Latch will be trimmed during the optimization process.
WARNING:Xst:1896 - Due to other FF/Latch trimming, FF/Latch <IFID_7> has a constant value of 0 in block <MIPS>. This FF/Latch will be trimmed during the optimization process.
WARNING:Xst:1896 - Due to other FF/Latch trimming, FF/Latch <IFID_6> has a constant value of 0 in block <MIPS>. This FF/Latch will be trimmed during the optimization process.
WARNING:Xst:1896 - Due to other FF/Latch trimming, FF/Latch <IFID_4> has a constant value of 0 in block <MIPS>. This FF/Latch will be trimmed during the optimization process.
WARNING:Xst:1896 - Due to other FF/Latch trimming, FF/Latch <IDEX_35> has a constant value of 0 in block <MIPS>. This FF/Latch will be trimmed during the optimization process.
WARNING:Xst:1896 - Due to other FF/Latch trimming, FF/Latch <IDEX_34> has a constant value of 0 in block <MIPS>. This FF/Latch will be trimmed during the optimization process.
WARNING:Xst:1896 - Due to other FF/Latch trimming, FF/Latch <IDEX_33> has a constant value of 0 in block <MIPS>. This FF/Latch will be trimmed during the optimization process.
WARNING:Xst:1896 - Due to other FF/Latch trimming, FF/Latch <IDEX_32> has a constant value of 0 in block <MIPS>. This FF/Latch will be trimmed during the optimization process.
WARNING:Xst:1896 - Due to other FF/Latch trimming, FF/Latch <IDEX_31> has a constant value of 0 in block <MIPS>. This FF/Latch will be trimmed during the optimization process.
WARNING:Xst:1896 - Due to other FF/Latch trimming, FF/Latch <IDEX_29> has a constant value of 0 in block <MIPS>. This FF/Latch will be trimmed during the optimization process.
WARNING:Xst:1896 - Due to other FF/Latch trimming, FF/Latch <IDEX_14> has a constant value of 0 in block <MIPS>. This FF/Latch will be trimmed during the optimization process.
WARNING:Xst:1896 - Due to other FF/Latch trimming, FF/Latch <IDEX_13> has a constant value of 0 in block <MIPS>. This FF/Latch will be trimmed during the optimization process.
WARNING:Xst:1896 - Due to other FF/Latch trimming, FF/Latch <IDEX_9> has a constant value of 0 in block <MIPS>. This FF/Latch will be trimmed during the optimization process.
WARNING:Xst:1896 - Due to other FF/Latch trimming, FF/Latch <IDEX_4> has a constant value of 0 in block <MIPS>. This FF/Latch will be trimmed during the optimization process.
WARNING:Xst:1896 - Due to other FF/Latch trimming, FF/Latch <IDEX_3> has a constant value of 0 in block <MIPS>. This FF/Latch will be trimmed during the optimization process.
WARNING:Xst:1293 - FF/Latch <EXMEM_4> has a constant value of 0 in block <MIPS>. This FF/Latch will be trimmed during the optimization process.
WARNING:Xst:1896 - Due to other FF/Latch trimming, FF/Latch <MEMWB_4> has a constant value of 0 in block <MIPS>. This FF/Latch will be trimmed during the optimization process.
INFO:Xst:2261 - The FF/Latch <IFID_26> in Unit <MIPS> is equivalent to the following 2 FFs/Latches, which will be removed : <IFID_27> <IFID_31> 

Optimizing unit <MIPS> ...

Optimizing unit <ALUVerilog> ...
WARNING:Xst:1293 - FF/Latch <IFetch/pc/pc_out_0> has a constant value of 0 in block <MIPS>. This FF/Latch will be trimmed during the optimization process.
WARNING:Xst:1896 - Due to other FF/Latch trimming, FF/Latch <IFetch/pc/pc_out_1> has a constant value of 0 in block <MIPS>. This FF/Latch will be trimmed during the optimization process.
WARNING:Xst:1896 - Due to other FF/Latch trimming, FF/Latch <IFID_32> has a constant value of 0 in block <MIPS>. This FF/Latch will be trimmed during the optimization process.
WARNING:Xst:1896 - Due to other FF/Latch trimming, FF/Latch <IFID_33> has a constant value of 0 in block <MIPS>. This FF/Latch will be trimmed during the optimization process.
INFO:Xst:2261 - The FF/Latch <IDEX_7> in Unit <MIPS> is equivalent to the following 2 FFs/Latches, which will be removed : <IDEX_126> <EXMEM_69> 
INFO:Xst:2261 - The FF/Latch <IFetch/pc/pc_out_4> in Unit <MIPS> is equivalent to the following FF/Latch, which will be removed : <IFID_36> 
INFO:Xst:2261 - The FF/Latch <IFID_18> in Unit <MIPS> is equivalent to the following FF/Latch, which will be removed : <IDEX_125> 

Mapping all equations...
Building and optimizing final netlist ...
Found area constraint ratio of 100 (+ 5) on block MIPS, actual ratio is 10.

Final Macro Processing ...

=========================================================================
Final Register Report

Macro Statistics
# Registers                                            : 300
 Flip-Flops                                            : 300

=========================================================================

=========================================================================
*                           Partition Report                            *
=========================================================================

Partition Implementation Status
-------------------------------

  No Partitions were found in this design.

-------------------------------

=========================================================================
*                            Design Summary                             *
=========================================================================

Top Level Output File Name         : MIPS.ngc

Primitive and Black Box Usage:
------------------------------
# BELS                             : 576
#      GND                         : 1
#      INV                         : 2
#      LUT1                        : 50
#      LUT2                        : 42
#      LUT3                        : 96
#      LUT4                        : 72
#      LUT5                        : 60
#      LUT6                        : 60
#      MUXCY                       : 100
#      VCC                         : 1
#      XORCY                       : 92
# FlipFlops/Latches                : 300
#      FD                          : 187
#      FDE                         : 30
#      FDR                         : 83
# RAMS                             : 34
#      RAM16X1S                    : 32
#      RAMB8BWER                   : 2
# Clock Buffers                    : 1
#      BUFGP                       : 1
# IO Buffers                       : 370
#      OBUF                        : 370

Device utilization summary:
---------------------------

Selected Device : 6slx9tqg144-2 


Slice Logic Utilization: 
 Number of Slice Registers:             300  out of  11440     2%  
 Number of Slice LUTs:                  414  out of   5720     7%  
    Number used as Logic:               382  out of   5720     6%  
    Number used as Memory:               32  out of   1440     2%  
       Number used as RAM:               32

Slice Logic Distribution: 
 Number of LUT Flip Flop pairs used:    531
   Number with an unused Flip Flop:     231  out of    531    43%  
   Number with an unused LUT:           117  out of    531    22%  
   Number of fully used LUT-FF pairs:   183  out of    531    34%  
   Number of unique control sets:         3

IO Utilization: 
 Number of IOs:                         371
 Number of bonded IOBs:                 371  out of    102   363% (*) 

Specific Feature Utilization:
 Number of Block RAM/FIFO:                1  out of     32     3%  
    Number using Block RAM only:          1
 Number of BUFG/BUFGCTRLs:                1  out of     16     6%  

WARNING:Xst:1336 -  (*) More than 100% of Device resources are used

---------------------------
Partition Resource Summary:
---------------------------

  No Partitions were found in this design.

---------------------------


=========================================================================
Timing Report

NOTE: THESE TIMING NUMBERS ARE ONLY A SYNTHESIS ESTIMATE.
      FOR ACCURATE TIMING INFORMATION PLEASE REFER TO THE TRACE REPORT
      GENERATED AFTER PLACE-and-ROUTE.

Clock Information:
------------------
-----------------------------------+------------------------+-------+
Clock Signal                       | Clock buffer(FF name)  | Load  |
-----------------------------------+------------------------+-------+
clk                                | BUFGP                  | 336   |
-----------------------------------+------------------------+-------+

Asynchronous Control Signals Information:
----------------------------------------
No asynchronous control signals found in this design

Timing Summary:
---------------
Speed Grade: -2

   Minimum period: 13.106ns (Maximum Frequency: 76.301MHz)
   Minimum input arrival time before clock: No path found
   Maximum output required time after clock: 6.293ns
   Maximum combinational path delay: No path found

Timing Details:
---------------
All values displayed in nanoseconds (ns)

=========================================================================
Timing constraint: Default period analysis for Clock 'clk'
  Clock period: 13.106ns (frequency: 76.301MHz)
  Total number of paths / destination ports: 52907 / 694
-------------------------------------------------------------------------
Delay:               6.553ns (Levels of Logic = 13)
  Source:            IDecode/registerfile/Mram_regs (RAM)
  Destination:       IFetch/pc/pc_out_2 (FF)
  Source Clock:      clk falling
  Destination Clock: clk rising

  Data Path: IDecode/registerfile/Mram_regs to IFetch/pc/pc_out_2
                                Gate     Net
    Cell:in->out      fanout   Delay   Delay  Logical Name (Net Name)
    ----------------------------------------  ------------
     RAMB8BWER:CLKAWRCLK->DOADO10    2   2.100   1.181  IDecode/registerfile/Mram_regs (data1<10>)
     LUT6:I0->O            1   0.254   0.000  branch_branchN_OR_1_o_wg_lut<0> (branch_branchN_OR_1_o_wg_lut<0>)
     MUXCY:S->O            1   0.215   0.000  branch_branchN_OR_1_o_wg_cy<0> (branch_branchN_OR_1_o_wg_cy<0>)
     MUXCY:CI->O           1   0.023   0.000  branch_branchN_OR_1_o_wg_cy<1> (branch_branchN_OR_1_o_wg_cy<1>)
     MUXCY:CI->O           1   0.023   0.000  branch_branchN_OR_1_o_wg_cy<2> (branch_branchN_OR_1_o_wg_cy<2>)
     MUXCY:CI->O           1   0.023   0.000  branch_branchN_OR_1_o_wg_cy<3> (branch_branchN_OR_1_o_wg_cy<3>)
     MUXCY:CI->O           1   0.023   0.000  branch_branchN_OR_1_o_wg_cy<4> (branch_branchN_OR_1_o_wg_cy<4>)
     MUXCY:CI->O           1   0.023   0.000  branch_branchN_OR_1_o_wg_cy<5> (branch_branchN_OR_1_o_wg_cy<5>)
     MUXCY:CI->O           1   0.023   0.000  branch_branchN_OR_1_o_wg_cy<6> (branch_branchN_OR_1_o_wg_cy<6>)
     MUXCY:CI->O           1   0.023   0.000  branch_branchN_OR_1_o_wg_cy<7> (branch_branchN_OR_1_o_wg_cy<7>)
     MUXCY:CI->O           1   0.023   0.000  branch_branchN_OR_1_o_wg_cy<8> (branch_branchN_OR_1_o_wg_cy<8>)
     MUXCY:CI->O           1   0.023   0.000  branch_branchN_OR_1_o_wg_cy<9> (branch_branchN_OR_1_o_wg_cy<9>)
     MUXCY:CI->O          77   0.235   2.031  branch_branchN_OR_1_o_wg_cy<10> (branch_branchN_OR_1_o)
     LUT3:I2->O            1   0.254   0.000  IFetch/mux/Mmux_out321 (IFetch/pc_next<9>)
     FDE:D                     0.074          IFetch/pc/pc_out_9
    ----------------------------------------
    Total                      6.553ns (3.342ns logic, 3.212ns route)
                                       (51.0% logic, 49.0% route)

=========================================================================
Timing constraint: Default OFFSET OUT AFTER for Clock 'clk'
  Total number of paths / destination ports: 385 / 321
-------------------------------------------------------------------------
Offset:              6.293ns (Levels of Logic = 2)
  Source:            MEMWB_69 (FF)
  Destination:       out5<31> (PAD)
  Source Clock:      clk rising

  Data Path: MEMWB_69 to out5<31>
                                Gate     Net
    Cell:in->out      fanout   Delay   Delay  Logical Name (Net Name)
    ----------------------------------------  ------------
     FD:C->Q              34   0.525   1.781  MEMWB_69 (MEMWB_69)
     LUT3:I0->O            5   0.235   0.840  wb/multiplexer/Mmux_out321 (out5_9_OBUF)
     OBUF:I->O                 2.912          out5_9_OBUF (out5<9>)
    ----------------------------------------
    Total                      6.293ns (3.672ns logic, 2.621ns route)
                                       (58.3% logic, 41.7% route)

=========================================================================

Cross Clock Domains Report:
--------------------------

Clock to Setup on destination clock clk
---------------+---------+---------+---------+---------+
               | Src:Rise| Src:Fall| Src:Rise| Src:Fall|
Source Clock   |Dest:Rise|Dest:Rise|Dest:Fall|Dest:Fall|
---------------+---------+---------+---------+---------+
clk            |   10.000|    6.553|    2.812|         |
---------------+---------+---------+---------+---------+

=========================================================================


Total REAL time to Xst completion: 41.00 secs
Total CPU time to Xst completion: 8.33 secs
 
--> 


Total memory usage is 381684 kilobytes

Number of errors   :    0 (   0 filtered)
Number of warnings :   37 (   0 filtered)
Number of infos    :   28 (   0 filtered)

